// Vitest Snapshot v1

exports[`anonymous user > query > "pong" 1`] = `"pong"`;
